../../TouchGFX/gui/include/game/Door.hpp:16:7:game::OpenDoor::~OpenDoor()	0	static
../../TouchGFX/gui/include/game/Door.hpp:6:7:game::Door::~Door()	8	static
../../TouchGFX/gui/include/game/Door.hpp:16:7:virtual game::OpenDoor::~OpenDoor()	8	static
../../TouchGFX/gui/include/game/Door.hpp:6:7:virtual game::Door::~Door()	8	static
D:/ProjectNhungCuoiKy/Project_cuoi_ky_he_nhung/ProjectCuoiKy/TouchGFX/gui/src/game/Door.cpp:5:1:game::Door::Door()	24	static
D:/ProjectNhungCuoiKy/Project_cuoi_ky_he_nhung/ProjectCuoiKy/TouchGFX/gui/src/game/Door.cpp:7:1:game::OpenDoor::OpenDoor()	16	static
