D:/ProjectNhungCuoiKy/Project_cuoi_ky_he_nhung/ProjectCuoiKy/TouchGFX/gui/src/game/EntitySpawner.cpp:11:6:static bool game::EntitySpawner::spawnRandomGoblin(ContainerEntity* (*)[6])	312	static
D:/ProjectNhungCuoiKy/Project_cuoi_ky_he_nhung/ProjectCuoiKy/TouchGFX/gui/src/game/EntitySpawner.cpp:35:6:static bool game::EntitySpawner::spawnRandomSlime(ContainerEntity* (*)[6])	312	static
D:/ProjectNhungCuoiKy/Project_cuoi_ky_he_nhung/ProjectCuoiKy/TouchGFX/gui/src/game/EntitySpawner.cpp:59:6:static bool game::EntitySpawner::spawnRandomDeathKnight(ContainerEntity* (*)[6])	312	static
D:/ProjectNhungCuoiKy/Project_cuoi_ky_he_nhung/ProjectCuoiKy/TouchGFX/gui/src/game/EntitySpawner.cpp:83:6:static bool game::EntitySpawner::spawnRandomChest(ContainerEntity* (*)[6])	312	static
D:/ProjectNhungCuoiKy/Project_cuoi_ky_he_nhung/ProjectCuoiKy/TouchGFX/gui/src/game/EntitySpawner.cpp:107:6:static bool game::EntitySpawner::spawnRandomEntity(ContainerEntity* (*)[6])	8	static
