D:/ProjectNhungCuoiKy/Project_cuoi_ky_he_nhung/ProjectCuoiKy/TouchGFX/gui/src/game/GameStageManager.cpp:127:6:0()	312	static
D:/ProjectNhungCuoiKy/Project_cuoi_ky_he_nhung/ProjectCuoiKy/TouchGFX/gui/src/game/GameStageManager.cpp:11:1:game::GameStageManager::GameStageManager(ContainerEntity* (&)[6][6])	0	static
D:/ProjectNhungCuoiKy/Project_cuoi_ky_he_nhung/ProjectCuoiKy/TouchGFX/gui/src/game/GameStageManager.cpp:13:6:void game::GameStageManager::clearStageExceptPlayer()	32	static
D:/ProjectNhungCuoiKy/Project_cuoi_ky_he_nhung/ProjectCuoiKy/TouchGFX/gui/src/game/GameStageManager.cpp:26:6:void game::GameStageManager::setupNewStage(int)	32	static
D:/ProjectNhungCuoiKy/Project_cuoi_ky_he_nhung/ProjectCuoiKy/TouchGFX/gui/src/game/GameStageManager.cpp:127:6:void game::GameStageManager::spawnDoorIfNeeded()	8	static
D:/ProjectNhungCuoiKy/Project_cuoi_ky_he_nhung/ProjectCuoiKy/TouchGFX/gui/src/game/GameStageManager.cpp:122:6:void game::GameStageManager::onPlayerMove()	0	static
D:/ProjectNhungCuoiKy/Project_cuoi_ky_he_nhung/ProjectCuoiKy/TouchGFX/gui/src/game/GameStageManager.cpp:164:6:void game::GameStageManager::resetProgress()	0	static
