D:/ProjectNhungCuoiKy/Project_cuoi_ky_he_nhung/ProjectCuoiKy/TouchGFX/gui/src/game/GameGrid.cpp:5:1:game::GameGrid::GameGrid()	0	static
D:/ProjectNhungCuoiKy/Project_cuoi_ky_he_nhung/ProjectCuoiKy/TouchGFX/gui/src/game/GameGrid.cpp:11:9:game::Entity* game::GameGrid::get(int, int) const	0	static
D:/ProjectNhungCuoiKy/Project_cuoi_ky_he_nhung/ProjectCuoiKy/TouchGFX/gui/src/game/GameGrid.cpp:16:6:void game::GameGrid::set(int, int, game::Entity*)	8	static
D:/ProjectNhungCuoiKy/Project_cuoi_ky_he_nhung/ProjectCuoiKy/TouchGFX/gui/src/game/GameGrid.cpp:21:6:void game::GameGrid::move(int, int, int, int)	24	static
