../../Middlewares/ST/touchgfx/framework/include/touchgfx/Screen.hpp:104:18:virtual void touchgfx::Screen::afterTransition()	0	static
../../Middlewares/ST/touchgfx/framework/include/touchgfx/Screen.hpp:115:18:virtual void touchgfx::Screen::tearDownScreen()	0	static
../../Middlewares/ST/touchgfx/framework/include/touchgfx/Screen.hpp:144:18:virtual void touchgfx::Screen::handleTickEvent()	0	static
../../Middlewares/ST/touchgfx/framework/include/touchgfx/Screen.hpp:154:18:virtual void touchgfx::Screen::handleKeyEvent(uint8_t)	0	static
../../TouchGFX/gui/include/gui/screen1_screen/Screen1View.hpp:11:7:Screen1View::~Screen1View()	8	static
../../TouchGFX/gui/include/gui/screen1_screen/Screen1View.hpp:11:7:virtual Screen1View::~Screen1View()	8	static
C:/TouchGFXProjects/ProjectCuoiKy/TouchGFX/gui/src/screen1_screen/Screen1View.cpp:10:1:Screen1View::Screen1View()	160	static
C:/TouchGFXProjects/ProjectCuoiKy/TouchGFX/gui/src/screen1_screen/Screen1View.cpp:94:6:void Screen1View::updateGridUI()	24	static
C:/TouchGFXProjects/ProjectCuoiKy/TouchGFX/gui/src/screen1_screen/Screen1View.cpp:430:5:int Screen1View::getExpToLevel(int)	24	static
C:/TouchGFXProjects/ProjectCuoiKy/TouchGFX/gui/src/screen1_screen/Screen1View.cpp:368:6:void Screen1View::updateSpellCounter()	16	static
C:/TouchGFXProjects/ProjectCuoiKy/TouchGFX/gui/src/screen1_screen/Screen1View.cpp:380:6:void Screen1View::updateLevelUI()	24	static
C:/TouchGFXProjects/ProjectCuoiKy/TouchGFX/gui/src/screen1_screen/Screen1View.cpp:30:6:void Screen1View::setupGrid()	48	static
C:/TouchGFXProjects/ProjectCuoiKy/TouchGFX/gui/src/screen1_screen/Screen1View.cpp:87:6:virtual void Screen1View::setupScreen()	8	static
C:/TouchGFXProjects/ProjectCuoiKy/TouchGFX/gui/src/screen1_screen/Screen1View.cpp:406:6:bool Screen1View::gainExpForKill(int)	16	static
C:/TouchGFXProjects/ProjectCuoiKy/TouchGFX/gui/src/screen1_screen/Screen1View.cpp:110:6:void Screen1View::moveEntities(int, int)	1344	static
C:/TouchGFXProjects/ProjectCuoiKy/TouchGFX/gui/src/screen1_screen/Screen1View.cpp:298:6:virtual void Screen1View::functionMoveLeft()	0	static
C:/TouchGFXProjects/ProjectCuoiKy/TouchGFX/gui/src/screen1_screen/Screen1View.cpp:299:6:virtual void Screen1View::functionMoveRight()	0	static
C:/TouchGFXProjects/ProjectCuoiKy/TouchGFX/gui/src/screen1_screen/Screen1View.cpp:300:6:virtual void Screen1View::functionMoveUp()	0	static
C:/TouchGFXProjects/ProjectCuoiKy/TouchGFX/gui/src/screen1_screen/Screen1View.cpp:301:6:virtual void Screen1View::functionMoveDown()	0	static
C:/TouchGFXProjects/ProjectCuoiKy/TouchGFX/gui/src/screen1_screen/Screen1View.cpp:302:6:virtual void Screen1View::functionSpell()	96	static
