../../Middlewares/ST/touchgfx/framework/include/touchgfx/Screen.hpp:104:18:virtual void touchgfx::Screen::afterTransition()	0	static
../../Middlewares/ST/touchgfx/framework/include/touchgfx/Screen.hpp:144:18:virtual void touchgfx::Screen::handleTickEvent()	0	static
../../Middlewares/ST/touchgfx/framework/include/touchgfx/Screen.hpp:154:18:virtual void touchgfx::Screen::handleKeyEvent(uint8_t)	0	static
C:/TouchGFXProjects/ProjectCuoiKy/TouchGFX/gui/src/screen3_screen/Screen3View.cpp:14:6:virtual void Screen3View::tearDownScreen()	0	static
C:/TouchGFXProjects/ProjectCuoiKy/TouchGFX/gui/src/screen3_screen/Screen3View.cpp:19:6:virtual void Screen3View::functionEasy()	8	static
C:/TouchGFXProjects/ProjectCuoiKy/TouchGFX/gui/src/screen3_screen/Screen3View.cpp:25:6:virtual void Screen3View::functionNormal()	8	static
C:/TouchGFXProjects/ProjectCuoiKy/TouchGFX/gui/src/screen3_screen/Screen3View.cpp:31:6:virtual void Screen3View::functionHard()	8	static
../../TouchGFX/gui/include/gui/screen3_screen/Screen3View.hpp:11:13:Screen3View::~Screen3View()	8	static
../../TouchGFX/gui/include/gui/screen3_screen/Screen3View.hpp:11:13:virtual Screen3View::~Screen3View()	8	static
C:/TouchGFXProjects/ProjectCuoiKy/TouchGFX/gui/src/screen3_screen/Screen3View.cpp:4:1:Screen3View::Screen3View()	8	static
C:/TouchGFXProjects/ProjectCuoiKy/TouchGFX/gui/src/screen3_screen/Screen3View.cpp:9:6:virtual void Screen3View::setupScreen()	0	static
