../../Middlewares/ST/touchgfx/framework/include/touchgfx/Screen.hpp:104:18:virtual void touchgfx::Screen::afterTransition()	0	static
../../Middlewares/ST/touchgfx/framework/include/touchgfx/Screen.hpp:115:18:virtual void touchgfx::Screen::tearDownScreen()	0	static
../../Middlewares/ST/touchgfx/framework/include/touchgfx/Screen.hpp:144:18:virtual void touchgfx::Screen::handleTickEvent()	0	static
../../Middlewares/ST/touchgfx/framework/include/touchgfx/Screen.hpp:154:18:virtual void touchgfx::Screen::handleKeyEvent(uint8_t)	0	static
../../TouchGFX/gui/include/gui/screen1_screen/Screen1View.hpp:12:7:Screen1View::~Screen1View()	8	static
../../TouchGFX/gui/include/gui/screen1_screen/Screen1View.hpp:12:7:virtual Screen1View::~Screen1View()	8	static
D:/ProjectNhungCuoiKy/Project_cuoi_ky_he_nhung/ProjectCuoiKy/TouchGFX/gui/src/screen1_screen/Screen1View.cpp:32:6:virtual void Screen1View::handleGestureEvent(const touchgfx::GestureEvent&)	0	static
D:/ProjectNhungCuoiKy/Project_cuoi_ky_he_nhung/ProjectCuoiKy/TouchGFX/gui/src/screen1_screen/Screen1View.cpp:12:1:Screen1View::Screen1View()	160	static
D:/ProjectNhungCuoiKy/Project_cuoi_ky_he_nhung/ProjectCuoiKy/TouchGFX/gui/src/screen1_screen/Screen1View.cpp:127:6:void Screen1View::updateGridUI()	24	static
D:/ProjectNhungCuoiKy/Project_cuoi_ky_he_nhung/ProjectCuoiKy/TouchGFX/gui/src/screen1_screen/Screen1View.cpp:464:5:int Screen1View::getExpToLevel(int)	24	static
D:/ProjectNhungCuoiKy/Project_cuoi_ky_he_nhung/ProjectCuoiKy/TouchGFX/gui/src/screen1_screen/Screen1View.cpp:404:6:void Screen1View::updateSpellCounter()	16	static
D:/ProjectNhungCuoiKy/Project_cuoi_ky_he_nhung/ProjectCuoiKy/TouchGFX/gui/src/screen1_screen/Screen1View.cpp:412:6:void Screen1View::updateLevelUI()	24	static
D:/ProjectNhungCuoiKy/Project_cuoi_ky_he_nhung/ProjectCuoiKy/TouchGFX/gui/src/screen1_screen/Screen1View.cpp:63:6:void Screen1View::setupGrid()	48	static
D:/ProjectNhungCuoiKy/Project_cuoi_ky_he_nhung/ProjectCuoiKy/TouchGFX/gui/src/screen1_screen/Screen1View.cpp:119:6:virtual void Screen1View::setupScreen()	8	static
D:/ProjectNhungCuoiKy/Project_cuoi_ky_he_nhung/ProjectCuoiKy/TouchGFX/gui/src/screen1_screen/Screen1View.cpp:439:6:bool Screen1View::gainExpForKill(int)	16	static
D:/ProjectNhungCuoiKy/Project_cuoi_ky_he_nhung/ProjectCuoiKy/TouchGFX/gui/src/screen1_screen/Screen1View.cpp:143:6:void Screen1View::moveEntities(int, int)	1344	static
D:/ProjectNhungCuoiKy/Project_cuoi_ky_he_nhung/ProjectCuoiKy/TouchGFX/gui/src/screen1_screen/Screen1View.cpp:332:6:virtual void Screen1View::functionMoveLeft()	0	static
D:/ProjectNhungCuoiKy/Project_cuoi_ky_he_nhung/ProjectCuoiKy/TouchGFX/gui/src/screen1_screen/Screen1View.cpp:333:6:virtual void Screen1View::functionMoveRight()	0	static
D:/ProjectNhungCuoiKy/Project_cuoi_ky_he_nhung/ProjectCuoiKy/TouchGFX/gui/src/screen1_screen/Screen1View.cpp:334:6:virtual void Screen1View::functionMoveUp()	0	static
D:/ProjectNhungCuoiKy/Project_cuoi_ky_he_nhung/ProjectCuoiKy/TouchGFX/gui/src/screen1_screen/Screen1View.cpp:335:6:virtual void Screen1View::functionMoveDown()	0	static
D:/ProjectNhungCuoiKy/Project_cuoi_ky_he_nhung/ProjectCuoiKy/TouchGFX/gui/src/screen1_screen/Screen1View.cpp:337:6:virtual void Screen1View::functionSpell()	96	static
